-- Automatically generated by ThriftEndToEndAclTestSuite
-- Number of queries: 4


-- !query 0
create database db1
-- !query 0 token
super
-- !query 0 schema
struct<Result:string>
-- !query 0 output



-- !query 1
create table db1.test using parquet as select * from range(100)
-- !query 1 token
super
-- !query 1 schema
struct<Result:string>
-- !query 1 output



-- !query 2
drop table db1.test
-- !query 2 token
super
-- !query 2 schema
struct<Result:string>
-- !query 2 output



-- !query 3
drop database db1
-- !query 3 token
super
-- !query 3 schema
struct<Result:string>
-- !query 3 output

